Archive member included to satisfy reference by file (symbol)

../librairie/libprojetInf1900.a(del.o)
                              timer.o (_ZN3DelC1Ev)
../librairie/libprojetInf1900.a(minuterie2.o)
                              timer.o (_ZN10Minuterie2C1E14ModeMinuterie2jj)
../librairie/libprojetInf1900.a(roues.o)
                              timer.o (_ZN5RouesC1E10Minuterie2jj)
/usr/lib/gcc/avr/14.1.0/avr5/libgcc.a(_udivmodhi4.o)
                              ../librairie/libprojetInf1900.a(del.o) (__udivmodhi4)
/usr/lib/gcc/avr/14.1.0/avr5/libgcc.a(_exit.o)
                              /usr/lib/gcc/avr/14.1.0/../../../../avr/lib/avr5/crtatmega324pa.o (exit)
/usr/lib/gcc/avr/14.1.0/avr5/libgcc.a(_clear_bss.o)
                              timer.o (__do_clear_bss)
/usr/lib/gcc/avr/14.1.0/avr5/libgcc.a(_umulhisi3.o)
                              ../librairie/libprojetInf1900.a(del.o) (__umulhisi3)

There are no discarded input sections

Memory Configuration

Name             Origin             Length             Attributes
text             0x00000000         0x00008000         xr
data             0x00800100         0x00000800         rw!x
eeprom           0x00810000         0x00000400         rw!x
fuse             0x00820000         0x00000003         rw!x
lock             0x00830000         0x00000400         rw!x
signature        0x00840000         0x00000400         rw!x
user_signatures  0x00850000         0x00000400         rw!x
*default*        0x00000000         0xffffffff

Linker script and memory map

Address of section .data set to 0x800100
LOAD /usr/lib/gcc/avr/14.1.0/../../../../avr/lib/avr5/crtatmega324pa.o
LOAD timer.o
LOAD /usr/lib/gcc/avr/14.1.0/../../../../avr/lib/avr5/libm.a
LOAD ../librairie/libprojetInf1900.a
START GROUP
LOAD /usr/lib/gcc/avr/14.1.0/avr5/libgcc.a
LOAD /usr/lib/gcc/avr/14.1.0/../../../../avr/lib/avr5/libm.a
LOAD /usr/lib/gcc/avr/14.1.0/../../../../avr/lib/avr5/libc.a
LOAD /usr/lib/gcc/avr/14.1.0/../../../../avr/lib/avr5/libatmega324pa.a
END GROUP
                [0x00000000]                      __TEXT_REGION_ORIGIN__ = DEFINED (__TEXT_REGION_ORIGIN__)?__TEXT_REGION_ORIGIN__:0x0
                [0x00008000]                      __TEXT_REGION_LENGTH__ = DEFINED (__TEXT_REGION_LENGTH__)?__TEXT_REGION_LENGTH__:0x20000
                [0x00800100]                      __DATA_REGION_ORIGIN__ = DEFINED (__DATA_REGION_ORIGIN__)?__DATA_REGION_ORIGIN__:0x800060
                [0x00000800]                      __DATA_REGION_LENGTH__ = DEFINED (__DATA_REGION_LENGTH__)?__DATA_REGION_LENGTH__:0xffa0
                [0x00000400]                      __EEPROM_REGION_LENGTH__ = DEFINED (__EEPROM_REGION_LENGTH__)?__EEPROM_REGION_LENGTH__:0x10000
                [0x00000003]                      __FUSE_REGION_LENGTH__ = DEFINED (__FUSE_REGION_LENGTH__)?__FUSE_REGION_LENGTH__:0x400
                0x00000400                        __LOCK_REGION_LENGTH__ = DEFINED (__LOCK_REGION_LENGTH__)?__LOCK_REGION_LENGTH__:0x400
                0x00000400                        __SIGNATURE_REGION_LENGTH__ = DEFINED (__SIGNATURE_REGION_LENGTH__)?__SIGNATURE_REGION_LENGTH__:0x400
                0x00000400                        __USER_SIGNATURE_REGION_LENGTH__ = DEFINED (__USER_SIGNATURE_REGION_LENGTH__)?__USER_SIGNATURE_REGION_LENGTH__:0x400

.hash
 *(.hash)

.dynsym
 *(.dynsym)

.dynstr
 *(.dynstr)

.gnu.version
 *(.gnu.version)

.gnu.version_d
 *(.gnu.version_d)

.gnu.version_r
 *(.gnu.version_r)

.rel.init
 *(.rel.init)

.rela.init
 *(.rela.init)

.rel.text
 *(.rel.text)
 *(.rel.text.*)
 *(.rel.gnu.linkonce.t*)

.rela.text
 *(.rela.text)
 *(.rela.text.*)
 *(.rela.gnu.linkonce.t*)

.rel.fini
 *(.rel.fini)

.rela.fini
 *(.rela.fini)

.rel.rodata
 *(.rel.rodata)
 *(.rel.rodata.*)
 *(.rel.gnu.linkonce.r*)

.rela.rodata
 *(.rela.rodata)
 *(.rela.rodata.*)
 *(.rela.gnu.linkonce.r*)

.rel.data
 *(.rel.data)
 *(.rel.data.*)
 *(.rel.gnu.linkonce.d*)

.rela.data
 *(.rela.data)
 *(.rela.data.*)
 *(.rela.gnu.linkonce.d*)

.rel.ctors
 *(.rel.ctors)

.rela.ctors
 *(.rela.ctors)

.rel.dtors
 *(.rel.dtors)

.rela.dtors
 *(.rela.dtors)

.rel.got
 *(.rel.got)

.rela.got
 *(.rela.got)

.rel.bss
 *(.rel.bss)

.rela.bss
 *(.rela.bss)

.rel.plt
 *(.rel.plt)

.rela.plt
 *(.rela.plt)

.text           0x00000000      0x71e
 *(.vectors)
 .vectors       0x00000000       0x7c /usr/lib/gcc/avr/14.1.0/../../../../avr/lib/avr5/crtatmega324pa.o
                0x00000000                __vectors
                0x00000000                __vector_default
 *(.vectors)
 *(.progmem.gcc*)
                0x0000007c                        . = ALIGN (0x2)
                0x0000007c                        __trampolines_start = .
 *(.trampolines)
 .trampolines   0x0000007c        0x0 linker stubs
 *(.trampolines*)
                0x0000007c                        __trampolines_end = .
 *libprintf_flt.a:*(.progmem.data)
 *libc.a:*(.progmem.data)
 *(.progmem.*)
                0x0000007c                        . = ALIGN (0x2)
 *(.lowtext)
 *(.lowtext*)
                0x0000007c                        __ctors_start = .
 *(.ctors)
                0x0000007c                        __ctors_end = .
                0x0000007c                        __dtors_start = .
 *(.dtors)
                0x0000007c                        __dtors_end = .
 SORT_BY_NAME(*)(.ctors)
 SORT_BY_NAME(*)(.dtors)
 *(.init0)
 .init0         0x0000007c        0x0 /usr/lib/gcc/avr/14.1.0/../../../../avr/lib/avr5/crtatmega324pa.o
                0x0000007c                __init
 *(.init0)
 *(.init1)
 *(.init1)
 *(.init2)
 .init2         0x0000007c        0xc /usr/lib/gcc/avr/14.1.0/../../../../avr/lib/avr5/crtatmega324pa.o
 *(.init2)
 *(.init3)
 *(.init3)
 *(.init4)
 .init4         0x00000088       0x10 /usr/lib/gcc/avr/14.1.0/avr5/libgcc.a(_clear_bss.o)
                0x00000088                __do_clear_bss
 *(.init4)
 *(.init5)
 *(.init5)
 *(.init6)
 *(.init6)
 *(.init7)
 *(.init7)
 *(.init8)
 *(.init8)
 *(.init9)
 .init9         0x00000098        0x8 /usr/lib/gcc/avr/14.1.0/../../../../avr/lib/avr5/crtatmega324pa.o
 *(.init9)
 *(.text)
 .text          0x000000a0        0x4 /usr/lib/gcc/avr/14.1.0/../../../../avr/lib/avr5/crtatmega324pa.o
                0x000000a0                __vector_22
                0x000000a0                __vector_28
                0x000000a0                __vector_24
                0x000000a0                __vector_12
                0x000000a0                __bad_interrupt
                0x000000a0                __vector_6
                0x000000a0                __vector_3
                0x000000a0                __vector_23
                0x000000a0                __vector_30
                0x000000a0                __vector_25
                0x000000a0                __vector_11
                0x000000a0                __vector_13
                0x000000a0                __vector_17
                0x000000a0                __vector_19
                0x000000a0                __vector_7
                0x000000a0                __vector_27
                0x000000a0                __vector_5
                0x000000a0                __vector_4
                0x000000a0                __vector_2
                0x000000a0                __vector_21
                0x000000a0                __vector_15
                0x000000a0                __vector_29
                0x000000a0                __vector_8
                0x000000a0                __vector_26
                0x000000a0                __vector_14
                0x000000a0                __vector_10
                0x000000a0                __vector_16
                0x000000a0                __vector_18
                0x000000a0                __vector_20
 .text          0x000000a4       0x18 timer.o
                0x000000a4                __vector_9
                0x000000b0                __vector_1
 .text          0x000000bc      0x292 ../librairie/libprojetInf1900.a(del.o)
                0x000000bc                _Z7delaiMsj
                0x000000e0                _ZN3DelC2EhhPVhS1_
                0x000000e0                _ZN3DelC1EhhPVhS1_
                0x00000122                _ZN3DelC2Ev
                0x00000122                _ZN3DelC1Ev
                0x00000144                _ZN3Del12allumerRougeEv
                0x0000017e                _ZN3Del11allumerVertEv
                0x000001ba                _ZN3Del12allumerAmbreEv
                0x000001ec                _ZN3Del8eteindreEv
                0x0000022a                _ZN3Del13clignoterVertEhj
                0x00000292                _ZN3Del13clignoterVertEj
                0x000002c4                _ZN3Del14clignoterRougeEhj
                0x0000031c                _ZN3Del14clignoterRougeEj
 .text          0x0000034e      0x110 ../librairie/libprojetInf1900.a(minuterie2.o)
                0x0000034e                _ZN10Minuterie216choisirPrescalerEj
                0x00000396                _ZN10Minuterie213configurerPwmEv
                0x000003ac                _ZN10Minuterie210ajusterPwmEhh
                0x000003ba                _ZN10Minuterie214partirCompteurEv
                0x000003cc                _ZN10Minuterie215arreterCompteurEv
                0x000003dc                _ZN10Minuterie213configurerCtcEv
                0x000003fa                _ZN10Minuterie2C2E14ModeMinuterie2jj
                0x000003fa                _ZN10Minuterie2C1E14ModeMinuterie2jj
                0x00000444                _ZN10Minuterie224comparerSortiesRegistresEjj
                0x0000044e                _ZN10Minuterie219activerInterruptionEv
 .text          0x0000045e      0x1fe ../librairie/libprojetInf1900.a(roues.o)
                0x0000045e                _ZN5RouesC2E10Minuterie2jj
                0x0000045e                _ZN5RouesC1E10Minuterie2jj
                0x000004b0                _ZN5Roues20configurerMinuterie2Ev
                0x000004b8                _ZN5Roues7arreterE10Minuterie2
                0x000004f4                _ZN5Roues12reculerPortsEv
                0x000004fc                _ZN5Roues7reculerE10Minuterie2jj
                0x00000554                _ZN5Roues12avancerPortsEv
                0x0000055c                _ZN5Roues7avancerE10Minuterie2jj
                0x000005b4                _ZN5Roues13tournerDroiteE10Minuterie2j
                0x00000608                _ZN5Roues13tournerGaucheE10Minuterie2j
 .text          0x0000065c        0x0 /usr/lib/gcc/avr/14.1.0/avr5/libgcc.a(_udivmodhi4.o)
 .text          0x0000065c        0x0 /usr/lib/gcc/avr/14.1.0/avr5/libgcc.a(_exit.o)
 .text          0x0000065c        0x0 /usr/lib/gcc/avr/14.1.0/avr5/libgcc.a(_clear_bss.o)
 .text          0x0000065c        0x0 /usr/lib/gcc/avr/14.1.0/avr5/libgcc.a(_umulhisi3.o)
                0x0000065c                        . = ALIGN (0x2)
 *(.text.*)
 .text.startup  0x0000065c       0x78 timer.o
                0x0000065c                main
 .text.libgcc.mul
                0x000006d4        0x0 /usr/lib/gcc/avr/14.1.0/avr5/libgcc.a(_udivmodhi4.o)
 .text.libgcc.div
                0x000006d4       0x28 /usr/lib/gcc/avr/14.1.0/avr5/libgcc.a(_udivmodhi4.o)
                0x000006d4                __udivmodhi4
 .text.libgcc   0x000006fc        0x0 /usr/lib/gcc/avr/14.1.0/avr5/libgcc.a(_udivmodhi4.o)
 .text.libgcc.prologue
                0x000006fc        0x0 /usr/lib/gcc/avr/14.1.0/avr5/libgcc.a(_udivmodhi4.o)
 .text.libgcc.builtins
                0x000006fc        0x0 /usr/lib/gcc/avr/14.1.0/avr5/libgcc.a(_udivmodhi4.o)
 .text.libgcc.fmul
                0x000006fc        0x0 /usr/lib/gcc/avr/14.1.0/avr5/libgcc.a(_udivmodhi4.o)
 .text.libgcc.fixed
                0x000006fc        0x0 /usr/lib/gcc/avr/14.1.0/avr5/libgcc.a(_udivmodhi4.o)
 .text.libgcc.mul
                0x000006fc        0x0 /usr/lib/gcc/avr/14.1.0/avr5/libgcc.a(_exit.o)
 .text.libgcc.div
                0x000006fc        0x0 /usr/lib/gcc/avr/14.1.0/avr5/libgcc.a(_exit.o)
 .text.libgcc   0x000006fc        0x0 /usr/lib/gcc/avr/14.1.0/avr5/libgcc.a(_exit.o)
 .text.libgcc.prologue
                0x000006fc        0x0 /usr/lib/gcc/avr/14.1.0/avr5/libgcc.a(_exit.o)
 .text.libgcc.builtins
                0x000006fc        0x0 /usr/lib/gcc/avr/14.1.0/avr5/libgcc.a(_exit.o)
 .text.libgcc.fmul
                0x000006fc        0x0 /usr/lib/gcc/avr/14.1.0/avr5/libgcc.a(_exit.o)
 .text.libgcc.fixed
                0x000006fc        0x0 /usr/lib/gcc/avr/14.1.0/avr5/libgcc.a(_exit.o)
 .text.libgcc.mul
                0x000006fc        0x0 /usr/lib/gcc/avr/14.1.0/avr5/libgcc.a(_clear_bss.o)
 .text.libgcc.div
                0x000006fc        0x0 /usr/lib/gcc/avr/14.1.0/avr5/libgcc.a(_clear_bss.o)
 .text.libgcc   0x000006fc        0x0 /usr/lib/gcc/avr/14.1.0/avr5/libgcc.a(_clear_bss.o)
 .text.libgcc.prologue
                0x000006fc        0x0 /usr/lib/gcc/avr/14.1.0/avr5/libgcc.a(_clear_bss.o)
 .text.libgcc.builtins
                0x000006fc        0x0 /usr/lib/gcc/avr/14.1.0/avr5/libgcc.a(_clear_bss.o)
 .text.libgcc.fmul
                0x000006fc        0x0 /usr/lib/gcc/avr/14.1.0/avr5/libgcc.a(_clear_bss.o)
 .text.libgcc.fixed
                0x000006fc        0x0 /usr/lib/gcc/avr/14.1.0/avr5/libgcc.a(_clear_bss.o)
 .text.libgcc.mul
                0x000006fc       0x1e /usr/lib/gcc/avr/14.1.0/avr5/libgcc.a(_umulhisi3.o)
                0x000006fc                __umulhisi3
 .text.libgcc.div
                0x0000071a        0x0 /usr/lib/gcc/avr/14.1.0/avr5/libgcc.a(_umulhisi3.o)
 .text.libgcc   0x0000071a        0x0 /usr/lib/gcc/avr/14.1.0/avr5/libgcc.a(_umulhisi3.o)
 .text.libgcc.prologue
                0x0000071a        0x0 /usr/lib/gcc/avr/14.1.0/avr5/libgcc.a(_umulhisi3.o)
 .text.libgcc.builtins
                0x0000071a        0x0 /usr/lib/gcc/avr/14.1.0/avr5/libgcc.a(_umulhisi3.o)
 .text.libgcc.fmul
                0x0000071a        0x0 /usr/lib/gcc/avr/14.1.0/avr5/libgcc.a(_umulhisi3.o)
 .text.libgcc.fixed
                0x0000071a        0x0 /usr/lib/gcc/avr/14.1.0/avr5/libgcc.a(_umulhisi3.o)
                0x0000071a                        . = ALIGN (0x2)
 *(.fini9)
 .fini9         0x0000071a        0x0 /usr/lib/gcc/avr/14.1.0/avr5/libgcc.a(_exit.o)
                0x0000071a                exit
                0x0000071a                _exit
 *(.fini9)
 *(.fini8)
 *(.fini8)
 *(.fini7)
 *(.fini7)
 *(.fini6)
 *(.fini6)
 *(.fini5)
 *(.fini5)
 *(.fini4)
 *(.fini4)
 *(.fini3)
 *(.fini3)
 *(.fini2)
 *(.fini2)
 *(.fini1)
 *(.fini1)
 *(.fini0)
 .fini0         0x0000071a        0x4 /usr/lib/gcc/avr/14.1.0/avr5/libgcc.a(_exit.o)
 *(.fini0)
 *(.hightext)
 *(.hightext*)
 *(.progmemx.*)
                0x0000071e                        . = ALIGN (0x2)
 *(.jumptables)
 *(.jumptables*)
                0x0000071e                        _etext = .

.data           0x00800100        0x0 load address 0x0000071e
                [!provide]                        PROVIDE (__data_start = .)
 *(.data)
 .data          0x00800100        0x0 /usr/lib/gcc/avr/14.1.0/../../../../avr/lib/avr5/crtatmega324pa.o
 .data          0x00800100        0x0 timer.o
 .data          0x00800100        0x0 ../librairie/libprojetInf1900.a(del.o)
 .data          0x00800100        0x0 ../librairie/libprojetInf1900.a(minuterie2.o)
 .data          0x00800100        0x0 ../librairie/libprojetInf1900.a(roues.o)
 .data          0x00800100        0x0 /usr/lib/gcc/avr/14.1.0/avr5/libgcc.a(_udivmodhi4.o)
 .data          0x00800100        0x0 /usr/lib/gcc/avr/14.1.0/avr5/libgcc.a(_exit.o)
 .data          0x00800100        0x0 /usr/lib/gcc/avr/14.1.0/avr5/libgcc.a(_clear_bss.o)
 .data          0x00800100        0x0 /usr/lib/gcc/avr/14.1.0/avr5/libgcc.a(_umulhisi3.o)
 *(.data*)
 *(.gnu.linkonce.d*)
 *(.rodata)
 *(.rodata*)
 *(.gnu.linkonce.r*)
                0x00800100                        . = ALIGN (0x2)
                0x00800100                        _edata = .
                [!provide]                        PROVIDE (__data_end = .)

.bss            0x00800100        0x2
                0x00800100                        PROVIDE (__bss_start = .)
 *(.bss)
 .bss           0x00800100        0x0 /usr/lib/gcc/avr/14.1.0/../../../../avr/lib/avr5/crtatmega324pa.o
 .bss           0x00800100        0x2 timer.o
                0x00800100                gBoutonAppuye
                0x00800101                gMinuterieExpiree
 .bss           0x00800102        0x0 ../librairie/libprojetInf1900.a(del.o)
 .bss           0x00800102        0x0 ../librairie/libprojetInf1900.a(minuterie2.o)
 .bss           0x00800102        0x0 ../librairie/libprojetInf1900.a(roues.o)
 .bss           0x00800102        0x0 /usr/lib/gcc/avr/14.1.0/avr5/libgcc.a(_udivmodhi4.o)
 .bss           0x00800102        0x0 /usr/lib/gcc/avr/14.1.0/avr5/libgcc.a(_exit.o)
 .bss           0x00800102        0x0 /usr/lib/gcc/avr/14.1.0/avr5/libgcc.a(_clear_bss.o)
 .bss           0x00800102        0x0 /usr/lib/gcc/avr/14.1.0/avr5/libgcc.a(_umulhisi3.o)
 *(.bss*)
 *(COMMON)
                0x00800102                        PROVIDE (__bss_end = .)
                0x0000071e                        __data_load_start = LOADADDR (.data)
                0x0000071e                        __data_load_end = (__data_load_start + SIZEOF (.data))

.noinit         0x00800102        0x0
                [!provide]                        PROVIDE (__noinit_start = .)
 *(.noinit .noinit.* .gnu.linkonce.n.*)
                [!provide]                        PROVIDE (__noinit_end = .)
                0x00800102                        _end = .
                [!provide]                        PROVIDE (__heap_start = .)
                [!provide]                        PROVIDE (__flmap_init_label = DEFINED (__flmap_noinit_start)?__flmap_noinit_start:0x0)
                [!provide]                        PROVIDE (__flmap = DEFINED (__flmap)?__flmap:0x0)

.eeprom         0x00810000        0x0
 *(.eeprom*)
                0x00810000                        __eeprom_end = .

.fuse
 *(.fuse)
 *(.lfuse)
 *(.hfuse)
 *(.efuse)

.lock
 *(.lock*)

.signature
 *(.signature*)

.stab
 *(.stab)

.stabstr
 *(.stabstr)

.stab.excl
 *(.stab.excl)

.stab.exclstr
 *(.stab.exclstr)

.stab.index
 *(.stab.index)

.stab.indexstr
 *(.stab.indexstr)

.comment        0x00000000       0x22
 *(.comment)
 .comment       0x00000000       0x22 timer.o
                                 0x23 (size before relaxing)
 .comment       0x00000022       0x23 ../librairie/libprojetInf1900.a(del.o)
 .comment       0x00000022       0x23 ../librairie/libprojetInf1900.a(minuterie2.o)
 .comment       0x00000022       0x23 ../librairie/libprojetInf1900.a(roues.o)

.note.gnu.avr.deviceinfo
                0x00000000       0x40
 .note.gnu.avr.deviceinfo
                0x00000000       0x40 /usr/lib/gcc/avr/14.1.0/../../../../avr/lib/avr5/crtatmega324pa.o

.gnu.build.attributes
 *(.gnu.build.attributes .gnu.build.attributes.*)

.note.gnu.build-id
 *(.note.gnu.build-id)

.debug
 *(.debug)

.line
 *(.line)

.debug_srcinfo
 *(.debug_srcinfo)

.debug_sfnames
 *(.debug_sfnames)

.debug_aranges  0x00000000      0x108
 *(.debug_aranges)
 .debug_aranges
                0x00000000       0x28 timer.o
 .debug_aranges
                0x00000028       0x20 ../librairie/libprojetInf1900.a(del.o)
 .debug_aranges
                0x00000048       0x20 ../librairie/libprojetInf1900.a(minuterie2.o)
 .debug_aranges
                0x00000068       0x20 ../librairie/libprojetInf1900.a(roues.o)
 .debug_aranges
                0x00000088       0x20 /usr/lib/gcc/avr/14.1.0/avr5/libgcc.a(_udivmodhi4.o)
 .debug_aranges
                0x000000a8       0x20 /usr/lib/gcc/avr/14.1.0/avr5/libgcc.a(_exit.o)
 .debug_aranges
                0x000000c8       0x20 /usr/lib/gcc/avr/14.1.0/avr5/libgcc.a(_clear_bss.o)
 .debug_aranges
                0x000000e8       0x20 /usr/lib/gcc/avr/14.1.0/avr5/libgcc.a(_umulhisi3.o)

.debug_pubnames
 *(.debug_pubnames)

.debug_info     0x00000000     0x2197
 *(.debug_info .gnu.linkonce.wi.*)
 .debug_info    0x00000000      0x6cc /usr/lib/gcc/avr/14.1.0/../../../../avr/lib/avr5/crtatmega324pa.o
 .debug_info    0x000006cc      0x6b8 timer.o
 .debug_info    0x00000d84      0x772 ../librairie/libprojetInf1900.a(del.o)
 .debug_info    0x000014f6      0x4d9 ../librairie/libprojetInf1900.a(minuterie2.o)
 .debug_info    0x000019cf      0x738 ../librairie/libprojetInf1900.a(roues.o)
 .debug_info    0x00002107       0x24 /usr/lib/gcc/avr/14.1.0/avr5/libgcc.a(_udivmodhi4.o)
 .debug_info    0x0000212b       0x24 /usr/lib/gcc/avr/14.1.0/avr5/libgcc.a(_exit.o)
 .debug_info    0x0000214f       0x24 /usr/lib/gcc/avr/14.1.0/avr5/libgcc.a(_clear_bss.o)
 .debug_info    0x00002173       0x24 /usr/lib/gcc/avr/14.1.0/avr5/libgcc.a(_umulhisi3.o)

.debug_abbrev   0x00000000      0xf1c
 *(.debug_abbrev)
 .debug_abbrev  0x00000000      0x66e /usr/lib/gcc/avr/14.1.0/../../../../avr/lib/avr5/crtatmega324pa.o
 .debug_abbrev  0x0000066e      0x23d timer.o
 .debug_abbrev  0x000008ab      0x263 ../librairie/libprojetInf1900.a(del.o)
 .debug_abbrev  0x00000b0e      0x1ef ../librairie/libprojetInf1900.a(minuterie2.o)
 .debug_abbrev  0x00000cfd      0x1cf ../librairie/libprojetInf1900.a(roues.o)
 .debug_abbrev  0x00000ecc       0x14 /usr/lib/gcc/avr/14.1.0/avr5/libgcc.a(_udivmodhi4.o)
 .debug_abbrev  0x00000ee0       0x14 /usr/lib/gcc/avr/14.1.0/avr5/libgcc.a(_exit.o)
 .debug_abbrev  0x00000ef4       0x14 /usr/lib/gcc/avr/14.1.0/avr5/libgcc.a(_clear_bss.o)
 .debug_abbrev  0x00000f08       0x14 /usr/lib/gcc/avr/14.1.0/avr5/libgcc.a(_umulhisi3.o)

.debug_line     0x00000000      0xf2a
 *(.debug_line .debug_line.* .debug_line_end)
 .debug_line    0x00000000       0x1d /usr/lib/gcc/avr/14.1.0/../../../../avr/lib/avr5/crtatmega324pa.o
 .debug_line    0x0000001d      0x100 timer.o
 .debug_line    0x0000011d      0x636 ../librairie/libprojetInf1900.a(del.o)
 .debug_line    0x00000753      0x32f ../librairie/libprojetInf1900.a(minuterie2.o)
 .debug_line    0x00000a82      0x286 ../librairie/libprojetInf1900.a(roues.o)
 .debug_line    0x00000d08       0xbd /usr/lib/gcc/avr/14.1.0/avr5/libgcc.a(_udivmodhi4.o)
 .debug_line    0x00000dc5       0x51 /usr/lib/gcc/avr/14.1.0/avr5/libgcc.a(_exit.o)
 .debug_line    0x00000e16       0x75 /usr/lib/gcc/avr/14.1.0/avr5/libgcc.a(_clear_bss.o)
 .debug_line    0x00000e8b       0x9f /usr/lib/gcc/avr/14.1.0/avr5/libgcc.a(_umulhisi3.o)

.debug_frame    0x00000000      0x380
 *(.debug_frame)
 .debug_frame   0x00000000       0x4c timer.o
 .debug_frame   0x0000004c      0x124 ../librairie/libprojetInf1900.a(del.o)
 .debug_frame   0x00000170       0xb8 ../librairie/libprojetInf1900.a(minuterie2.o)
 .debug_frame   0x00000228      0x158 ../librairie/libprojetInf1900.a(roues.o)

.debug_str      0x00000000      0xc9b
 *(.debug_str)
 .debug_str     0x00000000      0x255 /usr/lib/gcc/avr/14.1.0/../../../../avr/lib/avr5/crtatmega324pa.o
 .debug_str     0x00000255      0xa46 timer.o
                                0x7c0 (size before relaxing)
 .debug_str     0x00000c9b      0x3ff ../librairie/libprojetInf1900.a(del.o)
 .debug_str     0x00000c9b      0x3c8 ../librairie/libprojetInf1900.a(minuterie2.o)
 .debug_str     0x00000c9b      0x574 ../librairie/libprojetInf1900.a(roues.o)
 .debug_str     0x00000c9b       0x7d /usr/lib/gcc/avr/14.1.0/avr5/libgcc.a(_udivmodhi4.o)
 .debug_str     0x00000c9b       0x7d /usr/lib/gcc/avr/14.1.0/avr5/libgcc.a(_exit.o)
 .debug_str     0x00000c9b       0x7d /usr/lib/gcc/avr/14.1.0/avr5/libgcc.a(_clear_bss.o)
 .debug_str     0x00000c9b       0x7d /usr/lib/gcc/avr/14.1.0/avr5/libgcc.a(_umulhisi3.o)

.debug_loc
 *(.debug_loc)

.debug_macinfo
 *(.debug_macinfo)

.debug_weaknames
 *(.debug_weaknames)

.debug_funcnames
 *(.debug_funcnames)

.debug_typenames
 *(.debug_typenames)

.debug_varnames
 *(.debug_varnames)

.debug_pubtypes
 *(.debug_pubtypes)

.debug_ranges
 *(.debug_ranges)

.debug_addr
 *(.debug_addr)

.debug_line_str
                0x00000000      0x175
 *(.debug_line_str)
 .debug_line_str
                0x00000000      0x175 timer.o
                                 0xd4 (size before relaxing)
 .debug_line_str
                0x00000175       0xd4 ../librairie/libprojetInf1900.a(del.o)
 .debug_line_str
                0x00000175       0xd2 ../librairie/libprojetInf1900.a(minuterie2.o)
 .debug_line_str
                0x00000175       0xcb ../librairie/libprojetInf1900.a(roues.o)
 .debug_line_str
                0x00000175       0x71 /usr/lib/gcc/avr/14.1.0/avr5/libgcc.a(_udivmodhi4.o)
 .debug_line_str
                0x00000175       0x71 /usr/lib/gcc/avr/14.1.0/avr5/libgcc.a(_exit.o)
 .debug_line_str
                0x00000175       0x71 /usr/lib/gcc/avr/14.1.0/avr5/libgcc.a(_clear_bss.o)
 .debug_line_str
                0x00000175       0x71 /usr/lib/gcc/avr/14.1.0/avr5/libgcc.a(_umulhisi3.o)

.debug_loclists
                0x00000000      0x81a
 *(.debug_loclists)
 .debug_loclists
                0x00000000      0x404 ../librairie/libprojetInf1900.a(del.o)
 .debug_loclists
                0x00000404      0x209 ../librairie/libprojetInf1900.a(minuterie2.o)
 .debug_loclists
                0x0000060d      0x20d ../librairie/libprojetInf1900.a(roues.o)

.debug_macro
 *(.debug_macro)

.debug_names
 *(.debug_names)

.debug_rnglists
                0x00000000       0x19
 *(.debug_rnglists)
 .debug_rnglists
                0x00000000       0x19 timer.o

.debug_str_offsets
 *(.debug_str_offsets)

.debug_sup
 *(.debug_sup)
OUTPUT(test2.elf elf32-avr)
LOAD linker stubs
